// Jest Snapshot v1, https://goo.gl/fbAQLP

exports[`<Main/> should render the heading 1`] = `
<main>
  <img
    alt=""
    data-nimg="1"
    decoding="async"
    height="100"
    loading="lazy"
    src="./vercel.svg"
    style="color: transparent;"
    width="100"
  />
  <h1>
     React Avan√ßado
  </h1>
</main>
`;
